<?xml version="1.0" encoding="UTF-8" ?>
<testsuites name="vitest tests" tests="10" failures="1" errors="0" time="0.1498739">
    <testsuite name="src/components/tabs/ProfileTab.test.tsx" timestamp="2026-03-08T01:03:36.123Z" hostname="DESKTOP-H0INMQT" tests="10" failures="1" errors="0" skipped="0" time="0.1498739">
        <testcase classname="src/components/tabs/ProfileTab.test.tsx" name="ProfileTab &gt; should render profile bio card" time="0.0724099">
        </testcase>
        <testcase classname="src/components/tabs/ProfileTab.test.tsx" name="ProfileTab &gt; should handle bio update and persist to localStorage" time="0.0167077">
        </testcase>
        <testcase classname="src/components/tabs/ProfileTab.test.tsx" name="ProfileTab &gt; should restore bio from localStorage when LCU returns empty statusMessage" time="0.0071409">
        </testcase>
        <testcase classname="src/components/tabs/ProfileTab.test.tsx" name="ProfileTab &gt; should retry profile sync when LCU chat is not ready on connect" time="0.0088892">
            <failure message="expected &quot;vi.fn()&quot; to be called with arguments: [ StringContaining &quot;retrying in 2s&quot; ][90m

Received: 

[1m  1st vi.fn() call:

[22m[2m  [[22m
[32m-   StringContaining &quot;retrying in 2s&quot;,[90m
[31m+   &quot;LCU Chat not ready (attempt 1/6). Retrying in 2s...&quot;,[90m
[2m  ][22m
[39m[90m

Number of calls: [1m1[22m
[39m" type="AssertionError">
AssertionError: expected &quot;vi.fn()&quot; to be called with arguments: [ StringContaining &quot;retrying in 2s&quot; ]

Received: 

  1st vi.fn() call:

  [
-   StringContaining &quot;retrying in 2s&quot;,
+   &quot;LCU Chat not ready (attempt 1/6). Retrying in 2s...&quot;,
  ]


Number of calls: 1

 ❯ src/components/tabs/ProfileTab.test.tsx:84:30
            </failure>
        </testcase>
        <testcase classname="src/components/tabs/ProfileTab.test.tsx" name="ProfileTab &gt; should NOT restore bio if LCU returns a non-empty statusMessage" time="0.0059585">
        </testcase>
        <testcase classname="src/components/tabs/ProfileTab.test.tsx" name="ProfileTab &gt; should update availability" time="0.0079731">
        </testcase>
        <testcase classname="src/components/tabs/ProfileTab.test.tsx" name="ProfileTab &gt; should handle bio update failure" time="0.0096651">
        </testcase>
        <testcase classname="src/components/tabs/ProfileTab.test.tsx" name="ProfileTab &gt; should handle availability update failure" time="0.0055112">
        </testcase>
        <testcase classname="src/components/tabs/ProfileTab.test.tsx" name="ProfileTab &gt; should show warning when LCU is missing" time="0.0081847">
        </testcase>
        <testcase classname="src/components/tabs/ProfileTab.test.tsx" name="ProfileTab &gt; should handle unknown availability status mapping" time="0.0055063">
        </testcase>
    </testsuite>
</testsuites>
